Some utilized directives are marked as experimental:
 - `//> using publish.organization oswaldo`
 - `//> using publish.name first`
 - `//> using publish.moduleName first`
Please bear in mind that non-ideal user experience should be expected.
If you encounter any bugs or have feedback to share, make sure to reach out to the maintenance team at https://github.com/VirtusLab/scala-cli
[32mfirst.core.SaveTests:[0m
2025.11.27 22:02:28 DEBUG first.core.Save.run:13 - Verbose logging enabled.

2025.11.27 22:02:28 DEBUG first.core.Save.run:20 - Target fctx directory: /var/folders/_s/2tty06p16f3d406703xpkdl00000gn/T/4793490705963142843fdOTZC/.then/remote-save-test

2025.11.27 22:02:28 DEBUG first.core.Save.artifacts:24 - Processing remote artifact: http://example.com/file.txt

2025.11.27 22:02:28 DEBUG first.core.Save.run:75 - Ensured artifacts directory exists: /var/folders/_s/2tty06p16f3d406703xpkdl00000gn/T/4793490705963142843fdOTZC/.then/remote-save-test/artifacts

2025.11.27 22:02:28 DEBUG first.core.Save.run:82 - Skipping copy for remote artifact: http://example.com/file.txt

2025.11.27 22:02:28 INFO first.core.Save.run:86 - Successfully saved fctx 'remote-save-test' to /var/folders/_s/2tty06p16f3d406703xpkdl00000gn/T/4793490705963142843fdOTZC/.then/remote-save-test/fctx-def.conf

[32m  + save should handle remote artifacts correctly[0m [90m0.006s[0m
[32mfirst.core.LoadTests:[0m
[32m  + validateArtifacts should pass when all artifacts exist[0m [90m0.004s[0m
[32m  + validateArtifacts should fail when local artifact is missing[0m [90m0.001s[0m
[32m  + validateArtifacts should fail when remote artifact is missing[0m [90m0.001s[0m
[32mfirst.core.SwapTests:[0m
2025.11.27 22:02:28 DEBUG first.config.ConfigReader.load:187 - Loading context 'fctx-b' from '/var/folders/_s/2tty06p16f3d406703xpkdl00000gn/T/2019526948543266326h4JLLR'

2025.11.27 22:02:28 DEBUG first.config.ConfigReader.loop:224 - Loop: currentPath = /var/folders/_s/2tty06p16f3d406703xpkdl00000gn/T/2019526948543266326h4JLLR

2025.11.27 22:02:28 DEBUG first.config.ConfigReader.loop:226 - Loop: fctxPath = /var/folders/_s/2tty06p16f3d406703xpkdl00000gn/T/2019526948543266326h4JLLR/.then/fctx-b/fctx-def.conf

2025.11.27 22:02:28 DEBUG first.config.ConfigReader.loop:224 - Loop: currentPath = /var/folders/_s/2tty06p16f3d406703xpkdl00000gn/T

2025.11.27 22:02:28 DEBUG first.config.ConfigReader.loop:226 - Loop: fctxPath = /var/folders/_s/2tty06p16f3d406703xpkdl00000gn/T/.then/fctx-b/fctx-def.conf

2025.11.27 22:02:28 DEBUG first.config.ConfigReader.loop:224 - Loop: currentPath = /var/folders/_s/2tty06p16f3d406703xpkdl00000gn

2025.11.27 22:02:28 DEBUG first.config.ConfigReader.loop:226 - Loop: fctxPath = /var/folders/_s/2tty06p16f3d406703xpkdl00000gn/.then/fctx-b/fctx-def.conf

2025.11.27 22:02:28 DEBUG first.config.ConfigReader.loop:224 - Loop: currentPath = /var/folders/_s

2025.11.27 22:02:28 DEBUG first.config.ConfigReader.loop:226 - Loop: fctxPath = /var/folders/_s/.then/fctx-b/fctx-def.conf

2025.11.27 22:02:28 DEBUG first.config.ConfigReader.loop:224 - Loop: currentPath = /var/folders

2025.11.27 22:02:28 DEBUG first.config.ConfigReader.loop:226 - Loop: fctxPath = /var/folders/.then/fctx-b/fctx-def.conf

2025.11.27 22:02:28 DEBUG first.config.ConfigReader.loop:224 - Loop: currentPath = /var

2025.11.27 22:02:28 DEBUG first.config.ConfigReader.loop:226 - Loop: fctxPath = /var/.then/fctx-b/fctx-def.conf

2025.11.27 22:02:28 DEBUG first.config.ConfigReader.discoverFctxDefPaths:241 - Discovered paths for context 'fctx-b' from '/var/folders/_s/2tty06p16f3d406703xpkdl00000gn/T/2019526948543266326h4JLLR': List(/var/folders/_s/2tty06p16f3d406703xpkdl00000gn/T/2019526948543266326h4JLLR/.then/fctx-b/fctx-def.conf)

2025.11.27 22:02:28 DEBUG first.config.ConfigReader.parseConfigFile:22 - Parsing config file: /var/folders/_s/2tty06p16f3d406703xpkdl00000gn/T/2019526948543266326h4JLLR/.then/fctx-b/fctx-def.conf

2025.11.27 22:02:28 DEBUG first.config.ConfigReader.mapConfigToFctxDef:37 - Mapping config to FctxDef for context: fctx-b

2025.11.27 22:02:28 DEBUG first.config.ConfigReader.load:187 - Loading context 'fctx-a' from '/var/folders/_s/2tty06p16f3d406703xpkdl00000gn/T/2019526948543266326h4JLLR'

2025.11.27 22:02:28 DEBUG first.config.ConfigReader.loop:224 - Loop: currentPath = /var/folders/_s/2tty06p16f3d406703xpkdl00000gn/T/2019526948543266326h4JLLR

2025.11.27 22:02:28 DEBUG first.config.ConfigReader.loop:226 - Loop: fctxPath = /var/folders/_s/2tty06p16f3d406703xpkdl00000gn/T/2019526948543266326h4JLLR/.then/fctx-a/fctx-def.conf

2025.11.27 22:02:28 DEBUG first.config.ConfigReader.loop:224 - Loop: currentPath = /var/folders/_s/2tty06p16f3d406703xpkdl00000gn/T

2025.11.27 22:02:28 DEBUG first.config.ConfigReader.loop:226 - Loop: fctxPath = /var/folders/_s/2tty06p16f3d406703xpkdl00000gn/T/.then/fctx-a/fctx-def.conf

2025.11.27 22:02:28 DEBUG first.config.ConfigReader.loop:224 - Loop: currentPath = /var/folders/_s/2tty06p16f3d406703xpkdl00000gn

2025.11.27 22:02:28 DEBUG first.config.ConfigReader.loop:226 - Loop: fctxPath = /var/folders/_s/2tty06p16f3d406703xpkdl00000gn/.then/fctx-a/fctx-def.conf

2025.11.27 22:02:28 DEBUG first.config.ConfigReader.loop:224 - Loop: currentPath = /var/folders/_s

2025.11.27 22:02:28 DEBUG first.config.ConfigReader.loop:226 - Loop: fctxPath = /var/folders/_s/.then/fctx-a/fctx-def.conf

2025.11.27 22:02:28 DEBUG first.config.ConfigReader.loop:224 - Loop: currentPath = /var/folders

2025.11.27 22:02:28 DEBUG first.config.ConfigReader.loop:226 - Loop: fctxPath = /var/folders/.then/fctx-a/fctx-def.conf

2025.11.27 22:02:28 DEBUG first.config.ConfigReader.loop:224 - Loop: currentPath = /var

2025.11.27 22:02:28 DEBUG first.config.ConfigReader.loop:226 - Loop: fctxPath = /var/.then/fctx-a/fctx-def.conf

2025.11.27 22:02:28 DEBUG first.config.ConfigReader.discoverFctxDefPaths:241 - Discovered paths for context 'fctx-a' from '/var/folders/_s/2tty06p16f3d406703xpkdl00000gn/T/2019526948543266326h4JLLR': List(/var/folders/_s/2tty06p16f3d406703xpkdl00000gn/T/2019526948543266326h4JLLR/.then/fctx-a/fctx-def.conf)

2025.11.27 22:02:28 DEBUG first.config.ConfigReader.parseConfigFile:22 - Parsing config file: /var/folders/_s/2tty06p16f3d406703xpkdl00000gn/T/2019526948543266326h4JLLR/.then/fctx-a/fctx-def.conf

2025.11.27 22:02:28 DEBUG first.config.ConfigReader.mapConfigToFctxDef:37 - Mapping config to FctxDef for context: fctx-a

2025.11.27 22:02:28 INFO first.core.Swap.run:55 - Swapping from 'fctx-a' to 'fctx-b'...

2025.11.27 22:02:28 INFO first.core.Swap.run:62 - Removed: /var/folders/_s/2tty06p16f3d406703xpkdl00000gn/T/2019526948543266326h4JLLR/file1.txt

2025.11.27 22:02:28 INFO first.core.Swap.run:84 - Created symlink: /var/folders/_s/2tty06p16f3d406703xpkdl00000gn/T/2019526948543266326h4JLLR/file3.txt -> /var/folders/_s/2tty06p16f3d406703xpkdl00000gn/T/2019526948543266326h4JLLR/.then/fctx-b/artifacts/file3.txt

2025.11.27 22:02:28 INFO first.core.Swap.run:106 - Updated artifact: /var/folders/_s/2tty06p16f3d406703xpkdl00000gn/T/2019526948543266326h4JLLR/.then/fctx-b/artifacts/file2.txt -> /var/folders/_s/2tty06p16f3d406703xpkdl00000gn/T/2019526948543266326h4JLLR/file2.txt

2025.11.27 22:02:28 INFO first.core.Swap.run:110 - Successfully swapped to fctx 'fctx-b'.

[32m  + swap fctx successfully[0m [90m0.037s[0m
2025.11.27 22:02:28 DEBUG first.core.Swap.run:12 - Verbose logging enabled.

2025.11.27 22:02:28 DEBUG first.config.ConfigReader.load:187 - Loading context 'fctx-dry-b' from '/var/folders/_s/2tty06p16f3d406703xpkdl00000gn/T/3450559726839314953wySJaT'

2025.11.27 22:02:28 DEBUG first.config.ConfigReader.loop:224 - Loop: currentPath = /var/folders/_s/2tty06p16f3d406703xpkdl00000gn/T/3450559726839314953wySJaT

2025.11.27 22:02:28 DEBUG first.config.ConfigReader.loop:226 - Loop: fctxPath = /var/folders/_s/2tty06p16f3d406703xpkdl00000gn/T/3450559726839314953wySJaT/.then/fctx-dry-b/fctx-def.conf

2025.11.27 22:02:28 DEBUG first.config.ConfigReader.loop:224 - Loop: currentPath = /var/folders/_s/2tty06p16f3d406703xpkdl00000gn/T

2025.11.27 22:02:28 DEBUG first.config.ConfigReader.loop:226 - Loop: fctxPath = /var/folders/_s/2tty06p16f3d406703xpkdl00000gn/T/.then/fctx-dry-b/fctx-def.conf

2025.11.27 22:02:28 DEBUG first.config.ConfigReader.loop:224 - Loop: currentPath = /var/folders/_s/2tty06p16f3d406703xpkdl00000gn

2025.11.27 22:02:28 DEBUG first.config.ConfigReader.loop:226 - Loop: fctxPath = /var/folders/_s/2tty06p16f3d406703xpkdl00000gn/.then/fctx-dry-b/fctx-def.conf

2025.11.27 22:02:28 DEBUG first.config.ConfigReader.loop:224 - Loop: currentPath = /var/folders/_s

2025.11.27 22:02:28 DEBUG first.config.ConfigReader.loop:226 - Loop: fctxPath = /var/folders/_s/.then/fctx-dry-b/fctx-def.conf

2025.11.27 22:02:28 DEBUG first.config.ConfigReader.loop:224 - Loop: currentPath = /var/folders

2025.11.27 22:02:28 DEBUG first.config.ConfigReader.loop:226 - Loop: fctxPath = /var/folders/.then/fctx-dry-b/fctx-def.conf

2025.11.27 22:02:28 DEBUG first.config.ConfigReader.loop:224 - Loop: currentPath = /var

2025.11.27 22:02:28 DEBUG first.config.ConfigReader.loop:226 - Loop: fctxPath = /var/.then/fctx-dry-b/fctx-def.conf

2025.11.27 22:02:28 DEBUG first.config.ConfigReader.discoverFctxDefPaths:241 - Discovered paths for context 'fctx-dry-b' from '/var/folders/_s/2tty06p16f3d406703xpkdl00000gn/T/3450559726839314953wySJaT': List(/var/folders/_s/2tty06p16f3d406703xpkdl00000gn/T/3450559726839314953wySJaT/.then/fctx-dry-b/fctx-def.conf)

2025.11.27 22:02:28 DEBUG first.config.ConfigReader.parseConfigFile:22 - Parsing config file: /var/folders/_s/2tty06p16f3d406703xpkdl00000gn/T/3450559726839314953wySJaT/.then/fctx-dry-b/fctx-def.conf

2025.11.27 22:02:28 DEBUG first.config.ConfigReader.mapConfigToFctxDef:37 - Mapping config to FctxDef for context: fctx-dry-b

2025.11.27 22:02:28 DEBUG first.config.ConfigReader.load:187 - Loading context 'fctx-dry-a' from '/var/folders/_s/2tty06p16f3d406703xpkdl00000gn/T/3450559726839314953wySJaT'

2025.11.27 22:02:28 DEBUG first.config.ConfigReader.loop:224 - Loop: currentPath = /var/folders/_s/2tty06p16f3d406703xpkdl00000gn/T/3450559726839314953wySJaT

2025.11.27 22:02:28 DEBUG first.config.ConfigReader.loop:226 - Loop: fctxPath = /var/folders/_s/2tty06p16f3d406703xpkdl00000gn/T/3450559726839314953wySJaT/.then/fctx-dry-a/fctx-def.conf

2025.11.27 22:02:28 DEBUG first.config.ConfigReader.loop:224 - Loop: currentPath = /var/folders/_s/2tty06p16f3d406703xpkdl00000gn/T

2025.11.27 22:02:28 DEBUG first.config.ConfigReader.loop:226 - Loop: fctxPath = /var/folders/_s/2tty06p16f3d406703xpkdl00000gn/T/.then/fctx-dry-a/fctx-def.conf

2025.11.27 22:02:28 DEBUG first.config.ConfigReader.loop:224 - Loop: currentPath = /var/folders/_s/2tty06p16f3d406703xpkdl00000gn

2025.11.27 22:02:28 DEBUG first.config.ConfigReader.loop:226 - Loop: fctxPath = /var/folders/_s/2tty06p16f3d406703xpkdl00000gn/.then/fctx-dry-a/fctx-def.conf

2025.11.27 22:02:28 DEBUG first.config.ConfigReader.loop:224 - Loop: currentPath = /var/folders/_s

2025.11.27 22:02:28 DEBUG first.config.ConfigReader.loop:226 - Loop: fctxPath = /var/folders/_s/.then/fctx-dry-a/fctx-def.conf

2025.11.27 22:02:28 DEBUG first.config.ConfigReader.loop:224 - Loop: currentPath = /var/folders

2025.11.27 22:02:28 DEBUG first.config.ConfigReader.loop:226 - Loop: fctxPath = /var/folders/.then/fctx-dry-a/fctx-def.conf

2025.11.27 22:02:28 DEBUG first.config.ConfigReader.loop:224 - Loop: currentPath = /var

2025.11.27 22:02:28 DEBUG first.config.ConfigReader.loop:226 - Loop: fctxPath = /var/.then/fctx-dry-a/fctx-def.conf

2025.11.27 22:02:28 DEBUG first.config.ConfigReader.discoverFctxDefPaths:241 - Discovered paths for context 'fctx-dry-a' from '/var/folders/_s/2tty06p16f3d406703xpkdl00000gn/T/3450559726839314953wySJaT': List(/var/folders/_s/2tty06p16f3d406703xpkdl00000gn/T/3450559726839314953wySJaT/.then/fctx-dry-a/fctx-def.conf)

2025.11.27 22:02:28 DEBUG first.config.ConfigReader.parseConfigFile:22 - Parsing config file: /var/folders/_s/2tty06p16f3d406703xpkdl00000gn/T/3450559726839314953wySJaT/.then/fctx-dry-a/fctx-def.conf

2025.11.27 22:02:28 DEBUG first.config.ConfigReader.mapConfigToFctxDef:37 - Mapping config to FctxDef for context: fctx-dry-a

2025.11.27 22:02:28 INFO first.core.Swap.run:49 - DRY RUN: The following actions would be taken:

2025.11.27 22:02:28 INFO first.core.Swap.run:50 - - Remove: file1.txt

2025.11.27 22:02:28 INFO first.core.Swap.run:51 - - Add: file2.txt

[32m  + swap with dry-run should not modify file system[0m [90m0.023s[0m
2025.11.27 22:02:28 ERROR first.core.Swap.run:19 - No active fctx found. Please load an fctx first.

[32m  + swap from clean state should do nothing[0m [90m0.003s[0m
2025.11.27 22:02:28 DEBUG first.core.Swap.run:12 - Verbose logging enabled.

2025.11.27 22:02:28 WARN first.core.Swap.run:26 - Fctx 'fctx-same' is already active. Nothing to do.

[32m  + swap to the same fctx should do nothing[0m [90m0.006s[0m
[32mfirst.config.ConfigReaderTests:[0m
2025.11.27 22:02:28 DEBUG first.config.ConfigReader.load:187 - Loading context 'my-context' from '/var/folders/_s/2tty06p16f3d406703xpkdl00000gn/T/4577146103899067709jJqvLT/valid-hocon'

2025.11.27 22:02:28 DEBUG first.config.ConfigReader.loop:224 - Loop: currentPath = /var/folders/_s/2tty06p16f3d406703xpkdl00000gn/T/4577146103899067709jJqvLT/valid-hocon

2025.11.27 22:02:28 DEBUG first.config.ConfigReader.loop:226 - Loop: fctxPath = /var/folders/_s/2tty06p16f3d406703xpkdl00000gn/T/4577146103899067709jJqvLT/valid-hocon/.then/my-context/fctx-def.conf

2025.11.27 22:02:28 DEBUG first.config.ConfigReader.loop:224 - Loop: currentPath = /var/folders/_s/2tty06p16f3d406703xpkdl00000gn/T/4577146103899067709jJqvLT

2025.11.27 22:02:28 DEBUG first.config.ConfigReader.loop:226 - Loop: fctxPath = /var/folders/_s/2tty06p16f3d406703xpkdl00000gn/T/4577146103899067709jJqvLT/.then/my-context/fctx-def.conf

2025.11.27 22:02:28 DEBUG first.config.ConfigReader.loop:224 - Loop: currentPath = /var/folders/_s/2tty06p16f3d406703xpkdl00000gn/T

2025.11.27 22:02:28 DEBUG first.config.ConfigReader.loop:226 - Loop: fctxPath = /var/folders/_s/2tty06p16f3d406703xpkdl00000gn/T/.then/my-context/fctx-def.conf

2025.11.27 22:02:28 DEBUG first.config.ConfigReader.loop:224 - Loop: currentPath = /var/folders/_s/2tty06p16f3d406703xpkdl00000gn

2025.11.27 22:02:28 DEBUG first.config.ConfigReader.loop:226 - Loop: fctxPath = /var/folders/_s/2tty06p16f3d406703xpkdl00000gn/.then/my-context/fctx-def.conf

2025.11.27 22:02:28 DEBUG first.config.ConfigReader.loop:224 - Loop: currentPath = /var/folders/_s

2025.11.27 22:02:28 DEBUG first.config.ConfigReader.loop:226 - Loop: fctxPath = /var/folders/_s/.then/my-context/fctx-def.conf

2025.11.27 22:02:28 DEBUG first.config.ConfigReader.loop:224 - Loop: currentPath = /var/folders

2025.11.27 22:02:28 DEBUG first.config.ConfigReader.loop:226 - Loop: fctxPath = /var/folders/.then/my-context/fctx-def.conf

2025.11.27 22:02:28 DEBUG first.config.ConfigReader.loop:224 - Loop: currentPath = /var

2025.11.27 22:02:28 DEBUG first.config.ConfigReader.loop:226 - Loop: fctxPath = /var/.then/my-context/fctx-def.conf

2025.11.27 22:02:28 DEBUG first.config.ConfigReader.discoverFctxDefPaths:241 - Discovered paths for context 'my-context' from '/var/folders/_s/2tty06p16f3d406703xpkdl00000gn/T/4577146103899067709jJqvLT/valid-hocon': List(/var/folders/_s/2tty06p16f3d406703xpkdl00000gn/T/4577146103899067709jJqvLT/valid-hocon/.then/my-context/fctx-def.conf)

2025.11.27 22:02:28 DEBUG first.config.ConfigReader.parseConfigFile:22 - Parsing config file: /var/folders/_s/2tty06p16f3d406703xpkdl00000gn/T/4577146103899067709jJqvLT/valid-hocon/.then/my-context/fctx-def.conf

2025.11.27 22:02:28 DEBUG first.config.ConfigReader.loop:224 - Loop: currentPath = /var/folders/_s/2tty06p16f3d406703xpkdl00000gn/T/4577146103899067709jJqvLT/valid-hocon

2025.11.27 22:02:28 DEBUG first.config.ConfigReader.loop:226 - Loop: fctxPath = /var/folders/_s/2tty06p16f3d406703xpkdl00000gn/T/4577146103899067709jJqvLT/valid-hocon/.then/included-context/fctx-def.conf

2025.11.27 22:02:28 DEBUG first.config.ConfigReader.loop:224 - Loop: currentPath = /var/folders/_s/2tty06p16f3d406703xpkdl00000gn/T/4577146103899067709jJqvLT

2025.11.27 22:02:28 DEBUG first.config.ConfigReader.loop:226 - Loop: fctxPath = /var/folders/_s/2tty06p16f3d406703xpkdl00000gn/T/4577146103899067709jJqvLT/.then/included-context/fctx-def.conf

2025.11.27 22:02:28 DEBUG first.config.ConfigReader.loop:224 - Loop: currentPath = /var/folders/_s/2tty06p16f3d406703xpkdl00000gn/T

2025.11.27 22:02:28 DEBUG first.config.ConfigReader.loop:226 - Loop: fctxPath = /var/folders/_s/2tty06p16f3d406703xpkdl00000gn/T/.then/included-context/fctx-def.conf

2025.11.27 22:02:28 DEBUG first.config.ConfigReader.loop:224 - Loop: currentPath = /var/folders/_s/2tty06p16f3d406703xpkdl00000gn

2025.11.27 22:02:28 DEBUG first.config.ConfigReader.loop:226 - Loop: fctxPath = /var/folders/_s/2tty06p16f3d406703xpkdl00000gn/.then/included-context/fctx-def.conf

2025.11.27 22:02:28 DEBUG first.config.ConfigReader.loop:224 - Loop: currentPath = /var/folders/_s

2025.11.27 22:02:28 DEBUG first.config.ConfigReader.loop:226 - Loop: fctxPath = /var/folders/_s/.then/included-context/fctx-def.conf

2025.11.27 22:02:28 DEBUG first.config.ConfigReader.loop:224 - Loop: currentPath = /var/folders

2025.11.27 22:02:28 DEBUG first.config.ConfigReader.loop:226 - Loop: fctxPath = /var/folders/.then/included-context/fctx-def.conf

2025.11.27 22:02:28 DEBUG first.config.ConfigReader.loop:224 - Loop: currentPath = /var

2025.11.27 22:02:28 DEBUG first.config.ConfigReader.loop:226 - Loop: fctxPath = /var/.then/included-context/fctx-def.conf

2025.11.27 22:02:28 DEBUG first.config.ConfigReader.discoverFctxDefPaths:241 - Discovered paths for context 'included-context' from '/var/folders/_s/2tty06p16f3d406703xpkdl00000gn/T/4577146103899067709jJqvLT/valid-hocon': List(/var/folders/_s/2tty06p16f3d406703xpkdl00000gn/T/4577146103899067709jJqvLT/valid-hocon/.then/included-context/fctx-def.conf)

2025.11.27 22:02:28 DEBUG first.config.ConfigReader.parseConfigFile:22 - Parsing config file: /var/folders/_s/2tty06p16f3d406703xpkdl00000gn/T/4577146103899067709jJqvLT/valid-hocon/.then/included-context/fctx-def.conf

2025.11.27 22:02:28 DEBUG first.config.ConfigReader.mapConfigToFctxDef:37 - Mapping config to FctxDef for context: my-context

2025.11.27 22:02:28 DEBUG first.config.ConfigReader.mapConfigToFctxDef:37 - Mapping config to FctxDef for context: my-context

[32m  + successfully parse a valid HOCON config into FctxDef[0m [90m0.020s[0m
2025.11.27 22:02:28 DEBUG first.config.ConfigReader.load:187 - Loading context 'bad-context' from '/var/folders/_s/2tty06p16f3d406703xpkdl00000gn/T/86886605510981349565y8j23/invalid-hocon'

2025.11.27 22:02:28 DEBUG first.config.ConfigReader.loop:224 - Loop: currentPath = /var/folders/_s/2tty06p16f3d406703xpkdl00000gn/T/86886605510981349565y8j23/invalid-hocon

2025.11.27 22:02:28 DEBUG first.config.ConfigReader.loop:226 - Loop: fctxPath = /var/folders/_s/2tty06p16f3d406703xpkdl00000gn/T/86886605510981349565y8j23/invalid-hocon/.then/bad-context/fctx-def.conf

2025.11.27 22:02:28 DEBUG first.config.ConfigReader.loop:224 - Loop: currentPath = /var/folders/_s/2tty06p16f3d406703xpkdl00000gn/T/86886605510981349565y8j23

2025.11.27 22:02:28 DEBUG first.config.ConfigReader.loop:226 - Loop: fctxPath = /var/folders/_s/2tty06p16f3d406703xpkdl00000gn/T/86886605510981349565y8j23/.then/bad-context/fctx-def.conf

2025.11.27 22:02:28 DEBUG first.config.ConfigReader.loop:224 - Loop: currentPath = /var/folders/_s/2tty06p16f3d406703xpkdl00000gn/T

2025.11.27 22:02:28 DEBUG first.config.ConfigReader.loop:226 - Loop: fctxPath = /var/folders/_s/2tty06p16f3d406703xpkdl00000gn/T/.then/bad-context/fctx-def.conf

2025.11.27 22:02:28 DEBUG first.config.ConfigReader.loop:224 - Loop: currentPath = /var/folders/_s/2tty06p16f3d406703xpkdl00000gn

2025.11.27 22:02:28 DEBUG first.config.ConfigReader.loop:226 - Loop: fctxPath = /var/folders/_s/2tty06p16f3d406703xpkdl00000gn/.then/bad-context/fctx-def.conf

2025.11.27 22:02:28 DEBUG first.config.ConfigReader.loop:224 - Loop: currentPath = /var/folders/_s

2025.11.27 22:02:28 DEBUG first.config.ConfigReader.loop:226 - Loop: fctxPath = /var/folders/_s/.then/bad-context/fctx-def.conf

2025.11.27 22:02:28 DEBUG first.config.ConfigReader.loop:224 - Loop: currentPath = /var/folders

2025.11.27 22:02:28 DEBUG first.config.ConfigReader.loop:226 - Loop: fctxPath = /var/folders/.then/bad-context/fctx-def.conf

2025.11.27 22:02:28 DEBUG first.config.ConfigReader.loop:224 - Loop: currentPath = /var

2025.11.27 22:02:28 DEBUG first.config.ConfigReader.loop:226 - Loop: fctxPath = /var/.then/bad-context/fctx-def.conf

2025.11.27 22:02:28 DEBUG first.config.ConfigReader.discoverFctxDefPaths:241 - Discovered paths for context 'bad-context' from '/var/folders/_s/2tty06p16f3d406703xpkdl00000gn/T/86886605510981349565y8j23/invalid-hocon': List(/var/folders/_s/2tty06p16f3d406703xpkdl00000gn/T/86886605510981349565y8j23/invalid-hocon/.then/bad-context/fctx-def.conf)

2025.11.27 22:02:28 DEBUG first.config.ConfigReader.parseConfigFile:22 - Parsing config file: /var/folders/_s/2tty06p16f3d406703xpkdl00000gn/T/86886605510981349565y8j23/invalid-hocon/.then/bad-context/fctx-def.conf

2025.11.27 22:02:28 DEBUG first.config.ConfigReader.mapConfigToFctxDef:37 - Mapping config to FctxDef for context: bad-context

2025.11.27 22:02:28 DEBUG first.config.ConfigReader.mapConfigToFctxDef:71 - Error mapping config to FctxDef: /var/folders/_s/2tty06p16f3d406703xpkdl00000gn/T/86886605510981349565y8j23/invalid-hocon/.then/bad-context/fctx-def.conf: 4: path has type OBJECT rather than STRING

[32m  + return FileParseError for invalid HOCON syntax[0m [90m0.010s[0m
2025.11.27 22:02:28 DEBUG first.config.ConfigReader.load:187 - Loading context 'cumulative-context' from '/var/folders/_s/2tty06p16f3d406703xpkdl00000gn/T/2850959928437817641rhfdHz/cumulative-loading'

2025.11.27 22:02:28 DEBUG first.config.ConfigReader.loop:224 - Loop: currentPath = /var/folders/_s/2tty06p16f3d406703xpkdl00000gn/T/2850959928437817641rhfdHz/cumulative-loading

2025.11.27 22:02:28 DEBUG first.config.ConfigReader.loop:226 - Loop: fctxPath = /var/folders/_s/2tty06p16f3d406703xpkdl00000gn/T/2850959928437817641rhfdHz/cumulative-loading/.then/cumulative-context/fctx-def.conf

2025.11.27 22:02:28 DEBUG first.config.ConfigReader.loop:224 - Loop: currentPath = /var/folders/_s/2tty06p16f3d406703xpkdl00000gn/T/2850959928437817641rhfdHz

2025.11.27 22:02:28 DEBUG first.config.ConfigReader.loop:226 - Loop: fctxPath = /var/folders/_s/2tty06p16f3d406703xpkdl00000gn/T/2850959928437817641rhfdHz/.then/cumulative-context/fctx-def.conf

2025.11.27 22:02:28 DEBUG first.config.ConfigReader.loop:224 - Loop: currentPath = /var/folders/_s/2tty06p16f3d406703xpkdl00000gn/T

2025.11.27 22:02:28 DEBUG first.config.ConfigReader.loop:226 - Loop: fctxPath = /var/folders/_s/2tty06p16f3d406703xpkdl00000gn/T/.then/cumulative-context/fctx-def.conf

2025.11.27 22:02:28 DEBUG first.config.ConfigReader.loop:224 - Loop: currentPath = /var/folders/_s/2tty06p16f3d406703xpkdl00000gn

2025.11.27 22:02:28 DEBUG first.config.ConfigReader.loop:226 - Loop: fctxPath = /var/folders/_s/2tty06p16f3d406703xpkdl00000gn/.then/cumulative-context/fctx-def.conf

2025.11.27 22:02:28 DEBUG first.config.ConfigReader.loop:224 - Loop: currentPath = /var/folders/_s

2025.11.27 22:02:28 DEBUG first.config.ConfigReader.loop:226 - Loop: fctxPath = /var/folders/_s/.then/cumulative-context/fctx-def.conf

2025.11.27 22:02:28 DEBUG first.config.ConfigReader.loop:224 - Loop: currentPath = /var/folders

2025.11.27 22:02:28 DEBUG first.config.ConfigReader.loop:226 - Loop: fctxPath = /var/folders/.then/cumulative-context/fctx-def.conf

2025.11.27 22:02:28 DEBUG first.config.ConfigReader.loop:224 - Loop: currentPath = /var

2025.11.27 22:02:28 DEBUG first.config.ConfigReader.loop:226 - Loop: fctxPath = /var/.then/cumulative-context/fctx-def.conf

2025.11.27 22:02:28 DEBUG first.config.ConfigReader.discoverFctxDefPaths:241 - Discovered paths for context 'cumulative-context' from '/var/folders/_s/2tty06p16f3d406703xpkdl00000gn/T/2850959928437817641rhfdHz/cumulative-loading': List(/var/folders/_s/2tty06p16f3d406703xpkdl00000gn/T/2850959928437817641rhfdHz/cumulative-loading/.then/cumulative-context/fctx-def.conf)

2025.11.27 22:02:28 DEBUG first.config.ConfigReader.parseConfigFile:22 - Parsing config file: /var/folders/_s/2tty06p16f3d406703xpkdl00000gn/T/2850959928437817641rhfdHz/cumulative-loading/.then/cumulative-context/fctx-def.conf

2025.11.27 22:02:28 DEBUG first.config.ConfigReader.mapConfigToFctxDef:37 - Mapping config to FctxDef for context: cumulative-context

[32m  + cumulative config loading with overrides[0m [90m0.014s[0m
2025.11.27 22:02:28 DEBUG first.config.ConfigReader.load:187 - Loading context 'main-context' from '/var/folders/_s/2tty06p16f3d406703xpkdl00000gn/T/9159687083769340745UFCZm7/valid-includes'

2025.11.27 22:02:28 DEBUG first.config.ConfigReader.loop:224 - Loop: currentPath = /var/folders/_s/2tty06p16f3d406703xpkdl00000gn/T/9159687083769340745UFCZm7/valid-includes

2025.11.27 22:02:28 DEBUG first.config.ConfigReader.loop:226 - Loop: fctxPath = /var/folders/_s/2tty06p16f3d406703xpkdl00000gn/T/9159687083769340745UFCZm7/valid-includes/.then/main-context/fctx-def.conf

2025.11.27 22:02:28 DEBUG first.config.ConfigReader.loop:224 - Loop: currentPath = /var/folders/_s/2tty06p16f3d406703xpkdl00000gn/T/9159687083769340745UFCZm7

2025.11.27 22:02:28 DEBUG first.config.ConfigReader.loop:226 - Loop: fctxPath = /var/folders/_s/2tty06p16f3d406703xpkdl00000gn/T/9159687083769340745UFCZm7/.then/main-context/fctx-def.conf

2025.11.27 22:02:28 DEBUG first.config.ConfigReader.loop:224 - Loop: currentPath = /var/folders/_s/2tty06p16f3d406703xpkdl00000gn/T

2025.11.27 22:02:28 DEBUG first.config.ConfigReader.loop:226 - Loop: fctxPath = /var/folders/_s/2tty06p16f3d406703xpkdl00000gn/T/.then/main-context/fctx-def.conf

2025.11.27 22:02:28 DEBUG first.config.ConfigReader.loop:224 - Loop: currentPath = /var/folders/_s/2tty06p16f3d406703xpkdl00000gn

2025.11.27 22:02:28 DEBUG first.config.ConfigReader.loop:226 - Loop: fctxPath = /var/folders/_s/2tty06p16f3d406703xpkdl00000gn/.then/main-context/fctx-def.conf

2025.11.27 22:02:28 DEBUG first.config.ConfigReader.loop:224 - Loop: currentPath = /var/folders/_s

2025.11.27 22:02:28 DEBUG first.config.ConfigReader.loop:226 - Loop: fctxPath = /var/folders/_s/.then/main-context/fctx-def.conf

2025.11.27 22:02:28 DEBUG first.config.ConfigReader.loop:224 - Loop: currentPath = /var/folders

2025.11.27 22:02:28 DEBUG first.config.ConfigReader.loop:226 - Loop: fctxPath = /var/folders/.then/main-context/fctx-def.conf

2025.11.27 22:02:28 DEBUG first.config.ConfigReader.loop:224 - Loop: currentPath = /var

2025.11.27 22:02:28 DEBUG first.config.ConfigReader.loop:226 - Loop: fctxPath = /var/.then/main-context/fctx-def.conf

2025.11.27 22:02:28 DEBUG first.config.ConfigReader.discoverFctxDefPaths:241 - Discovered paths for context 'main-context' from '/var/folders/_s/2tty06p16f3d406703xpkdl00000gn/T/9159687083769340745UFCZm7/valid-includes': List(/var/folders/_s/2tty06p16f3d406703xpkdl00000gn/T/9159687083769340745UFCZm7/valid-includes/.then/main-context/fctx-def.conf)

2025.11.27 22:02:28 DEBUG first.config.ConfigReader.parseConfigFile:22 - Parsing config file: /var/folders/_s/2tty06p16f3d406703xpkdl00000gn/T/9159687083769340745UFCZm7/valid-includes/.then/main-context/fctx-def.conf

2025.11.27 22:02:28 DEBUG first.config.ConfigReader.loop:224 - Loop: currentPath = /var/folders/_s/2tty06p16f3d406703xpkdl00000gn/T/9159687083769340745UFCZm7/valid-includes

2025.11.27 22:02:28 DEBUG first.config.ConfigReader.loop:226 - Loop: fctxPath = /var/folders/_s/2tty06p16f3d406703xpkdl00000gn/T/9159687083769340745UFCZm7/valid-includes/.then/included-context/fctx-def.conf

2025.11.27 22:02:28 DEBUG first.config.ConfigReader.loop:224 - Loop: currentPath = /var/folders/_s/2tty06p16f3d406703xpkdl00000gn/T/9159687083769340745UFCZm7

2025.11.27 22:02:28 DEBUG first.config.ConfigReader.loop:226 - Loop: fctxPath = /var/folders/_s/2tty06p16f3d406703xpkdl00000gn/T/9159687083769340745UFCZm7/.then/included-context/fctx-def.conf

2025.11.27 22:02:28 DEBUG first.config.ConfigReader.loop:224 - Loop: currentPath = /var/folders/_s/2tty06p16f3d406703xpkdl00000gn/T

2025.11.27 22:02:28 DEBUG first.config.ConfigReader.loop:226 - Loop: fctxPath = /var/folders/_s/2tty06p16f3d406703xpkdl00000gn/T/.then/included-context/fctx-def.conf

2025.11.27 22:02:28 DEBUG first.config.ConfigReader.loop:224 - Loop: currentPath = /var/folders/_s/2tty06p16f3d406703xpkdl00000gn

2025.11.27 22:02:28 DEBUG first.config.ConfigReader.loop:226 - Loop: fctxPath = /var/folders/_s/2tty06p16f3d406703xpkdl00000gn/.then/included-context/fctx-def.conf

2025.11.27 22:02:28 DEBUG first.config.ConfigReader.loop:224 - Loop: currentPath = /var/folders/_s

2025.11.27 22:02:28 DEBUG first.config.ConfigReader.loop:226 - Loop: fctxPath = /var/folders/_s/.then/included-context/fctx-def.conf

2025.11.27 22:02:28 DEBUG first.config.ConfigReader.loop:224 - Loop: currentPath = /var/folders

2025.11.27 22:02:28 DEBUG first.config.ConfigReader.loop:226 - Loop: fctxPath = /var/folders/.then/included-context/fctx-def.conf

2025.11.27 22:02:28 DEBUG first.config.ConfigReader.loop:224 - Loop: currentPath = /var

2025.11.27 22:02:28 DEBUG first.config.ConfigReader.loop:226 - Loop: fctxPath = /var/.then/included-context/fctx-def.conf

2025.11.27 22:02:28 DEBUG first.config.ConfigReader.discoverFctxDefPaths:241 - Discovered paths for context 'included-context' from '/var/folders/_s/2tty06p16f3d406703xpkdl00000gn/T/9159687083769340745UFCZm7/valid-includes': List(/var/folders/_s/2tty06p16f3d406703xpkdl00000gn/T/9159687083769340745UFCZm7/valid-includes/.then/included-context/fctx-def.conf)

2025.11.27 22:02:28 DEBUG first.config.ConfigReader.parseConfigFile:22 - Parsing config file: /var/folders/_s/2tty06p16f3d406703xpkdl00000gn/T/9159687083769340745UFCZm7/valid-includes/.then/included-context/fctx-def.conf

2025.11.27 22:02:28 DEBUG first.config.ConfigReader.mapConfigToFctxDef:37 - Mapping config to FctxDef for context: main-context

2025.11.27 22:02:28 DEBUG first.config.ConfigReader.mapConfigToFctxDef:37 - Mapping config to FctxDef for context: main-context

[32m  + valid includes should merge configurations[0m [90m0.019s[0m
2025.11.27 22:02:28 DEBUG first.config.ConfigReader.load:187 - Loading context 'context-a' from '/var/folders/_s/2tty06p16f3d406703xpkdl00000gn/T/1014323137777153539pK0w64/circular-includes'

2025.11.27 22:02:28 DEBUG first.config.ConfigReader.loop:224 - Loop: currentPath = /var/folders/_s/2tty06p16f3d406703xpkdl00000gn/T/1014323137777153539pK0w64/circular-includes

2025.11.27 22:02:28 DEBUG first.config.ConfigReader.loop:226 - Loop: fctxPath = /var/folders/_s/2tty06p16f3d406703xpkdl00000gn/T/1014323137777153539pK0w64/circular-includes/.then/context-a/fctx-def.conf

2025.11.27 22:02:28 DEBUG first.config.ConfigReader.loop:224 - Loop: currentPath = /var/folders/_s/2tty06p16f3d406703xpkdl00000gn/T/1014323137777153539pK0w64

2025.11.27 22:02:28 DEBUG first.config.ConfigReader.loop:226 - Loop: fctxPath = /var/folders/_s/2tty06p16f3d406703xpkdl00000gn/T/1014323137777153539pK0w64/.then/context-a/fctx-def.conf

2025.11.27 22:02:28 DEBUG first.config.ConfigReader.loop:224 - Loop: currentPath = /var/folders/_s/2tty06p16f3d406703xpkdl00000gn/T

2025.11.27 22:02:28 DEBUG first.config.ConfigReader.loop:226 - Loop: fctxPath = /var/folders/_s/2tty06p16f3d406703xpkdl00000gn/T/.then/context-a/fctx-def.conf

2025.11.27 22:02:28 DEBUG first.config.ConfigReader.loop:224 - Loop: currentPath = /var/folders/_s/2tty06p16f3d406703xpkdl00000gn

2025.11.27 22:02:28 DEBUG first.config.ConfigReader.loop:226 - Loop: fctxPath = /var/folders/_s/2tty06p16f3d406703xpkdl00000gn/.then/context-a/fctx-def.conf

2025.11.27 22:02:28 DEBUG first.config.ConfigReader.loop:224 - Loop: currentPath = /var/folders/_s

2025.11.27 22:02:28 DEBUG first.config.ConfigReader.loop:226 - Loop: fctxPath = /var/folders/_s/.then/context-a/fctx-def.conf

2025.11.27 22:02:28 DEBUG first.config.ConfigReader.loop:224 - Loop: currentPath = /var/folders

2025.11.27 22:02:28 DEBUG first.config.ConfigReader.loop:226 - Loop: fctxPath = /var/folders/.then/context-a/fctx-def.conf

2025.11.27 22:02:28 DEBUG first.config.ConfigReader.loop:224 - Loop: currentPath = /var

2025.11.27 22:02:28 DEBUG first.config.ConfigReader.loop:226 - Loop: fctxPath = /var/.then/context-a/fctx-def.conf

2025.11.27 22:02:28 DEBUG first.config.ConfigReader.discoverFctxDefPaths:241 - Discovered paths for context 'context-a' from '/var/folders/_s/2tty06p16f3d406703xpkdl00000gn/T/1014323137777153539pK0w64/circular-includes': List(/var/folders/_s/2tty06p16f3d406703xpkdl00000gn/T/1014323137777153539pK0w64/circular-includes/.then/context-a/fctx-def.conf)

2025.11.27 22:02:28 DEBUG first.config.ConfigReader.parseConfigFile:22 - Parsing config file: /var/folders/_s/2tty06p16f3d406703xpkdl00000gn/T/1014323137777153539pK0w64/circular-includes/.then/context-a/fctx-def.conf

2025.11.27 22:02:28 DEBUG first.config.ConfigReader.loop:224 - Loop: currentPath = /var/folders/_s/2tty06p16f3d406703xpkdl00000gn/T/1014323137777153539pK0w64/circular-includes

2025.11.27 22:02:28 DEBUG first.config.ConfigReader.loop:226 - Loop: fctxPath = /var/folders/_s/2tty06p16f3d406703xpkdl00000gn/T/1014323137777153539pK0w64/circular-includes/.then/context-b/fctx-def.conf

2025.11.27 22:02:28 DEBUG first.config.ConfigReader.loop:224 - Loop: currentPath = /var/folders/_s/2tty06p16f3d406703xpkdl00000gn/T/1014323137777153539pK0w64

2025.11.27 22:02:28 DEBUG first.config.ConfigReader.loop:226 - Loop: fctxPath = /var/folders/_s/2tty06p16f3d406703xpkdl00000gn/T/1014323137777153539pK0w64/.then/context-b/fctx-def.conf

2025.11.27 22:02:28 DEBUG first.config.ConfigReader.loop:224 - Loop: currentPath = /var/folders/_s/2tty06p16f3d406703xpkdl00000gn/T

2025.11.27 22:02:28 DEBUG first.config.ConfigReader.loop:226 - Loop: fctxPath = /var/folders/_s/2tty06p16f3d406703xpkdl00000gn/T/.then/context-b/fctx-def.conf

2025.11.27 22:02:28 DEBUG first.config.ConfigReader.loop:224 - Loop: currentPath = /var/folders/_s/2tty06p16f3d406703xpkdl00000gn

2025.11.27 22:02:28 DEBUG first.config.ConfigReader.loop:226 - Loop: fctxPath = /var/folders/_s/2tty06p16f3d406703xpkdl00000gn/.then/context-b/fctx-def.conf

2025.11.27 22:02:28 DEBUG first.config.ConfigReader.loop:224 - Loop: currentPath = /var/folders/_s

2025.11.27 22:02:28 DEBUG first.config.ConfigReader.loop:226 - Loop: fctxPath = /var/folders/_s/.then/context-b/fctx-def.conf

2025.11.27 22:02:28 DEBUG first.config.ConfigReader.loop:224 - Loop: currentPath = /var/folders

2025.11.27 22:02:28 DEBUG first.config.ConfigReader.loop:226 - Loop: fctxPath = /var/folders/.then/context-b/fctx-def.conf

2025.11.27 22:02:28 DEBUG first.config.ConfigReader.loop:224 - Loop: currentPath = /var

2025.11.27 22:02:28 DEBUG first.config.ConfigReader.loop:226 - Loop: fctxPath = /var/.then/context-b/fctx-def.conf

2025.11.27 22:02:28 DEBUG first.config.ConfigReader.discoverFctxDefPaths:241 - Discovered paths for context 'context-b' from '/var/folders/_s/2tty06p16f3d406703xpkdl00000gn/T/1014323137777153539pK0w64/circular-includes': List(/var/folders/_s/2tty06p16f3d406703xpkdl00000gn/T/1014323137777153539pK0w64/circular-includes/.then/context-b/fctx-def.conf)

2025.11.27 22:02:28 DEBUG first.config.ConfigReader.parseConfigFile:22 - Parsing config file: /var/folders/_s/2tty06p16f3d406703xpkdl00000gn/T/1014323137777153539pK0w64/circular-includes/.then/context-b/fctx-def.conf

[32m  + circular includes should return CircularDependency error[0m [90m0.012s[0m
2025.11.27 22:02:28 DEBUG first.config.ConfigReader.load:187 - Loading context 'path-context' from '/var/folders/_s/2tty06p16f3d406703xpkdl00000gn/T/4056871911198685806YHyCfI/relative-paths/.then/path-context'

2025.11.27 22:02:28 DEBUG first.config.ConfigReader.loop:224 - Loop: currentPath = /var/folders/_s/2tty06p16f3d406703xpkdl00000gn/T/4056871911198685806YHyCfI/relative-paths/.then/path-context

2025.11.27 22:02:28 DEBUG first.config.ConfigReader.loop:226 - Loop: fctxPath = /var/folders/_s/2tty06p16f3d406703xpkdl00000gn/T/4056871911198685806YHyCfI/relative-paths/.then/path-context/.then/path-context/fctx-def.conf

2025.11.27 22:02:28 DEBUG first.config.ConfigReader.loop:224 - Loop: currentPath = /var/folders/_s/2tty06p16f3d406703xpkdl00000gn/T/4056871911198685806YHyCfI/relative-paths/.then

2025.11.27 22:02:28 DEBUG first.config.ConfigReader.loop:226 - Loop: fctxPath = /var/folders/_s/2tty06p16f3d406703xpkdl00000gn/T/4056871911198685806YHyCfI/relative-paths/.then/.then/path-context/fctx-def.conf

2025.11.27 22:02:28 DEBUG first.config.ConfigReader.loop:224 - Loop: currentPath = /var/folders/_s/2tty06p16f3d406703xpkdl00000gn/T/4056871911198685806YHyCfI/relative-paths

2025.11.27 22:02:28 DEBUG first.config.ConfigReader.loop:226 - Loop: fctxPath = /var/folders/_s/2tty06p16f3d406703xpkdl00000gn/T/4056871911198685806YHyCfI/relative-paths/.then/path-context/fctx-def.conf

2025.11.27 22:02:28 DEBUG first.config.ConfigReader.loop:224 - Loop: currentPath = /var/folders/_s/2tty06p16f3d406703xpkdl00000gn/T/4056871911198685806YHyCfI

2025.11.27 22:02:28 DEBUG first.config.ConfigReader.loop:226 - Loop: fctxPath = /var/folders/_s/2tty06p16f3d406703xpkdl00000gn/T/4056871911198685806YHyCfI/.then/path-context/fctx-def.conf

2025.11.27 22:02:28 DEBUG first.config.ConfigReader.loop:224 - Loop: currentPath = /var/folders/_s/2tty06p16f3d406703xpkdl00000gn/T

2025.11.27 22:02:28 DEBUG first.config.ConfigReader.loop:226 - Loop: fctxPath = /var/folders/_s/2tty06p16f3d406703xpkdl00000gn/T/.then/path-context/fctx-def.conf

2025.11.27 22:02:28 DEBUG first.config.ConfigReader.loop:224 - Loop: currentPath = /var/folders/_s/2tty06p16f3d406703xpkdl00000gn

2025.11.27 22:02:28 DEBUG first.config.ConfigReader.loop:226 - Loop: fctxPath = /var/folders/_s/2tty06p16f3d406703xpkdl00000gn/.then/path-context/fctx-def.conf

2025.11.27 22:02:28 DEBUG first.config.ConfigReader.loop:224 - Loop: currentPath = /var/folders/_s

2025.11.27 22:02:28 DEBUG first.config.ConfigReader.loop:226 - Loop: fctxPath = /var/folders/_s/.then/path-context/fctx-def.conf

2025.11.27 22:02:28 DEBUG first.config.ConfigReader.loop:224 - Loop: currentPath = /var/folders

2025.11.27 22:02:28 DEBUG first.config.ConfigReader.loop:226 - Loop: fctxPath = /var/folders/.then/path-context/fctx-def.conf

2025.11.27 22:02:28 DEBUG first.config.ConfigReader.loop:224 - Loop: currentPath = /var

2025.11.27 22:02:28 DEBUG first.config.ConfigReader.loop:226 - Loop: fctxPath = /var/.then/path-context/fctx-def.conf

2025.11.27 22:02:28 DEBUG first.config.ConfigReader.discoverFctxDefPaths:241 - Discovered paths for context 'path-context' from '/var/folders/_s/2tty06p16f3d406703xpkdl00000gn/T/4056871911198685806YHyCfI/relative-paths/.then/path-context': List(/var/folders/_s/2tty06p16f3d406703xpkdl00000gn/T/4056871911198685806YHyCfI/relative-paths/.then/path-context/fctx-def.conf)

2025.11.27 22:02:28 DEBUG first.config.ConfigReader.parseConfigFile:22 - Parsing config file: /var/folders/_s/2tty06p16f3d406703xpkdl00000gn/T/4056871911198685806YHyCfI/relative-paths/.then/path-context/fctx-def.conf

2025.11.27 22:02:28 DEBUG first.config.ConfigReader.mapConfigToFctxDef:37 - Mapping config to FctxDef for context: path-context

[32m  + relative artifact paths should be preserved[0m [90m0.011s[0m
2025.11.27 22:02:28 DEBUG first.config.ConfigReader.load:187 - Loading context 'remote-context' from '/var/folders/_s/2tty06p16f3d406703xpkdl00000gn/T/5511487880395298386LgdyHT/remote-include'

2025.11.27 22:02:28 DEBUG first.config.ConfigReader.loop:224 - Loop: currentPath = /var/folders/_s/2tty06p16f3d406703xpkdl00000gn/T/5511487880395298386LgdyHT/remote-include

2025.11.27 22:02:28 DEBUG first.config.ConfigReader.loop:226 - Loop: fctxPath = /var/folders/_s/2tty06p16f3d406703xpkdl00000gn/T/5511487880395298386LgdyHT/remote-include/.then/remote-context/fctx-def.conf

2025.11.27 22:02:28 DEBUG first.config.ConfigReader.loop:224 - Loop: currentPath = /var/folders/_s/2tty06p16f3d406703xpkdl00000gn/T/5511487880395298386LgdyHT

2025.11.27 22:02:28 DEBUG first.config.ConfigReader.loop:226 - Loop: fctxPath = /var/folders/_s/2tty06p16f3d406703xpkdl00000gn/T/5511487880395298386LgdyHT/.then/remote-context/fctx-def.conf

2025.11.27 22:02:28 DEBUG first.config.ConfigReader.loop:224 - Loop: currentPath = /var/folders/_s/2tty06p16f3d406703xpkdl00000gn/T

2025.11.27 22:02:28 DEBUG first.config.ConfigReader.loop:226 - Loop: fctxPath = /var/folders/_s/2tty06p16f3d406703xpkdl00000gn/T/.then/remote-context/fctx-def.conf

2025.11.27 22:02:28 DEBUG first.config.ConfigReader.loop:224 - Loop: currentPath = /var/folders/_s/2tty06p16f3d406703xpkdl00000gn

2025.11.27 22:02:28 DEBUG first.config.ConfigReader.loop:226 - Loop: fctxPath = /var/folders/_s/2tty06p16f3d406703xpkdl00000gn/.then/remote-context/fctx-def.conf

2025.11.27 22:02:28 DEBUG first.config.ConfigReader.loop:224 - Loop: currentPath = /var/folders/_s

2025.11.27 22:02:28 DEBUG first.config.ConfigReader.loop:226 - Loop: fctxPath = /var/folders/_s/.then/remote-context/fctx-def.conf

2025.11.27 22:02:28 DEBUG first.config.ConfigReader.loop:224 - Loop: currentPath = /var/folders

2025.11.27 22:02:28 DEBUG first.config.ConfigReader.loop:226 - Loop: fctxPath = /var/folders/.then/remote-context/fctx-def.conf

2025.11.27 22:02:28 DEBUG first.config.ConfigReader.loop:224 - Loop: currentPath = /var

2025.11.27 22:02:28 DEBUG first.config.ConfigReader.loop:226 - Loop: fctxPath = /var/.then/remote-context/fctx-def.conf

2025.11.27 22:02:28 DEBUG first.config.ConfigReader.discoverFctxDefPaths:241 - Discovered paths for context 'remote-context' from '/var/folders/_s/2tty06p16f3d406703xpkdl00000gn/T/5511487880395298386LgdyHT/remote-include': List(/var/folders/_s/2tty06p16f3d406703xpkdl00000gn/T/5511487880395298386LgdyHT/remote-include/.then/remote-context/fctx-def.conf)

2025.11.27 22:02:28 DEBUG first.config.ConfigReader.parseConfigFile:22 - Parsing config file: /var/folders/_s/2tty06p16f3d406703xpkdl00000gn/T/5511487880395298386LgdyHT/remote-include/.then/remote-context/fctx-def.conf

2025.11.27 22:02:28 DEBUG first.config.ConfigReader.handleRemoteInclude:87 - Handling remote include: http://example.com/remote.conf

2025.11.27 22:02:28 DEBUG first.config.ConfigReader.handleRemoteInclude:98 - Downloaded remote include to /Users/estela/.first/cache/6360d95f7ab8eb33ce56cca702d9fe6def591918ca0c8e8bf4c7c090ab8edec2

2025.11.27 22:02:28 DEBUG first.config.ConfigReader.mapConfigToFctxDef:37 - Mapping config to FctxDef for context: remote-context

2025.11.27 22:02:28 DEBUG first.config.ConfigReader.mapConfigToFctxDef:37 - Mapping config to FctxDef for context: remote-context

[32m  + remote include should download and merge config[0m [90m0.015s[0m
2025.11.27 22:02:28 DEBUG first.config.ConfigReader.load:187 - Loading context 'main-context' from '/var/folders/_s/2tty06p16f3d406703xpkdl00000gn/T/2636366270356820407sqd5zD/remote-circular'

2025.11.27 22:02:28 DEBUG first.config.ConfigReader.loop:224 - Loop: currentPath = /var/folders/_s/2tty06p16f3d406703xpkdl00000gn/T/2636366270356820407sqd5zD/remote-circular

2025.11.27 22:02:28 DEBUG first.config.ConfigReader.loop:226 - Loop: fctxPath = /var/folders/_s/2tty06p16f3d406703xpkdl00000gn/T/2636366270356820407sqd5zD/remote-circular/.then/main-context/fctx-def.conf

2025.11.27 22:02:28 DEBUG first.config.ConfigReader.loop:224 - Loop: currentPath = /var/folders/_s/2tty06p16f3d406703xpkdl00000gn/T/2636366270356820407sqd5zD

2025.11.27 22:02:28 DEBUG first.config.ConfigReader.loop:226 - Loop: fctxPath = /var/folders/_s/2tty06p16f3d406703xpkdl00000gn/T/2636366270356820407sqd5zD/.then/main-context/fctx-def.conf

2025.11.27 22:02:28 DEBUG first.config.ConfigReader.loop:224 - Loop: currentPath = /var/folders/_s/2tty06p16f3d406703xpkdl00000gn/T

2025.11.27 22:02:28 DEBUG first.config.ConfigReader.loop:226 - Loop: fctxPath = /var/folders/_s/2tty06p16f3d406703xpkdl00000gn/T/.then/main-context/fctx-def.conf

2025.11.27 22:02:28 DEBUG first.config.ConfigReader.loop:224 - Loop: currentPath = /var/folders/_s/2tty06p16f3d406703xpkdl00000gn

2025.11.27 22:02:28 DEBUG first.config.ConfigReader.loop:226 - Loop: fctxPath = /var/folders/_s/2tty06p16f3d406703xpkdl00000gn/.then/main-context/fctx-def.conf

2025.11.27 22:02:28 DEBUG first.config.ConfigReader.loop:224 - Loop: currentPath = /var/folders/_s

2025.11.27 22:02:28 DEBUG first.config.ConfigReader.loop:226 - Loop: fctxPath = /var/folders/_s/.then/main-context/fctx-def.conf

2025.11.27 22:02:28 DEBUG first.config.ConfigReader.loop:224 - Loop: currentPath = /var/folders

2025.11.27 22:02:28 DEBUG first.config.ConfigReader.loop:226 - Loop: fctxPath = /var/folders/.then/main-context/fctx-def.conf

2025.11.27 22:02:28 DEBUG first.config.ConfigReader.loop:224 - Loop: currentPath = /var

2025.11.27 22:02:28 DEBUG first.config.ConfigReader.loop:226 - Loop: fctxPath = /var/.then/main-context/fctx-def.conf

2025.11.27 22:02:28 DEBUG first.config.ConfigReader.discoverFctxDefPaths:241 - Discovered paths for context 'main-context' from '/var/folders/_s/2tty06p16f3d406703xpkdl00000gn/T/2636366270356820407sqd5zD/remote-circular': List(/var/folders/_s/2tty06p16f3d406703xpkdl00000gn/T/2636366270356820407sqd5zD/remote-circular/.then/main-context/fctx-def.conf)

2025.11.27 22:02:28 DEBUG first.config.ConfigReader.parseConfigFile:22 - Parsing config file: /var/folders/_s/2tty06p16f3d406703xpkdl00000gn/T/2636366270356820407sqd5zD/remote-circular/.then/main-context/fctx-def.conf

2025.11.27 22:02:28 DEBUG first.config.ConfigReader.handleRemoteInclude:87 - Handling remote include: http://example.com/config-a.conf

2025.11.27 22:02:28 DEBUG first.config.ConfigReader.handleRemoteInclude:98 - Downloaded remote include to /Users/estela/.first/cache/ad47a06310fcc3f2f59e00aa6f0f30d07dc5b1a3eedf69115945f49beef3897c

2025.11.27 22:02:28 DEBUG first.config.ConfigReader.handleRemoteInclude:87 - Handling remote include: http://example.com/config-b.conf

2025.11.27 22:02:28 DEBUG first.config.ConfigReader.handleRemoteInclude:98 - Downloaded remote include to /Users/estela/.first/cache/a8d433c03bd2d562f51e8d3a4b6a5f21160a023d938df19f5f57eea7a07075d9

2025.11.27 22:02:28 DEBUG first.config.ConfigReader.handleRemoteInclude:87 - Handling remote include: http://example.com/config-a.conf

[32m  + circular remote includes should return CircularDependency error[0m [90m0.011s[0m
[32mfirst.cli.HelpTests:[0m
[32m  + simple test[0m [90m0.000s[0m
[32m  + first --help[0m [90m0.001s[0m
[32mfirst.cli.CliTests:[0m
[91m==> X first.cli.CliTests.beforeAll(first.cli.CliTests)[0m [90m0.004s[0m os.SubprocessException: Result of scala-cli…: 127

[32mfirst.remote.CacheTests:[0m
[32m  + put and get content[0m [90m0.003s[0m
[32m  + get non-existent content[0m [90m0.000s[0m
[32m  + put from source path[0m [90m0.003s[0m
[32mfirst.remote.UrlResolverTests:[0m
[32m  + isRemote should return true for http url[0m [90m0.000s[0m
[32m  + isRemote should return true for https url[0m [90m0.000s[0m
[32m  + isRemote should return true for gh url[0m [90m0.000s[0m
[32m  + isRemote should return false for local absolute path[0m [90m0.000s[0m
[32m  + isRemote should return false for local relative path[0m [90m0.000s[0m
[32m  + resolve should return correct URI for http url[0m [90m0.000s[0m
[32m  + resolve should return correct URI for https url[0m [90m0.000s[0m
[32m  + resolve should resolve gh:// url with explicit branch via @ syntax[0m [90m0.000s[0m
[32m  + resolve should resolve gh:// url with implicit main branch for root files[0m [90m0.000s[0m
[32m  + resolve should resolve gh:// url with direct mapping for deep paths (user must provide branch)[0m [90m0.000s[0m
[32m  + resolve should fail for invalid gh:// paths[0m [90m0.000s[0m
[32m  + resolve should return file URI for local absolute path[0m [90m0.000s[0m
[32m  + resolve should return file URI for local relative path[0m [90m0.000s[0m
[32mfirst.remote.DownloaderTests:[0m
[32m  + successful download returns Right with content[0m [90m0.000s[0m
[32m  + failed download returns Left with error message[0m [90m0.000s[0m
[32m  + download with authentication includes auth token[0m [90m0.000s[0m
[32m  + createRequest should add GITHUB_TOKEN for github.com URLs[0m [90m0.001s[0m
[32m  + createRequest should NOT add FIRST_AUTH_TOKEN for github.com URLs[0m [90m0.000s[0m
[32m  + createRequest should add FIRST_AUTH_TOKEN for non-github URLs[0m [90m0.000s[0m
